I'm sorry, but errors were detected in your script. Please correct the
errors listed below, and try again.


File "game/Intro.rpy", line 110: end of line expected.
    jump task_one with fade
                  ^

Ren'Py Version: Ren'Py 8.2.3.24061702
Wed Aug  6 01:00:09 2025
